../../Drivers/STM32N6xx_HAL_Driver/Inc/stm32n6xx_ll_bus.h:1407:22:LL_AHB4_GRP1_EnableClock	1
../../Drivers/STM32N6xx_HAL_Driver/Inc/stm32n6xx_ll_bus.h:2739:22:LL_APB1_GRP2_EnableClock	1
../Core/Src/main.c:96:5:main	1
../Core/Src/main.c:155:6:SystemClock_Config	9
../Core/Src/main.c:257:6:PeriphCommonClock_Config	2
../Core/Src/main.c:276:13:MX_ADC1_Init	4
../Core/Src/main.c:343:13:MX_I2C1_Init	4
../Core/Src/main.c:391:13:MX_I2C2_Init	4
../Core/Src/main.c:439:13:MX_MDF1_Init	2
../Core/Src/main.c:496:13:MX_SAI1_Init	3
../Core/Src/main.c:568:13:MX_SDMMC2_SD_Init	2
../Core/Src/main.c:599:13:MX_UCPD1_Init	1
../Core/Src/main.c:623:13:MX_USART1_UART_Init	5
../Core/Src/main.c:671:13:MX_USB1_OTG_HS_HCD_Init	1
../Core/Src/main.c:692:13:MX_USB2_OTG_HS_HCD_Init	2
../Core/Src/main.c:727:13:MX_XSPI1_Init	3
../Core/Src/main.c:778:13:MX_XSPI2_Init	3
../Core/Src/main.c:829:13:MX_GPIO_Init	1
../Core/Src/main.c:925:6:Error_Handler	1
