../../Drivers/STM32N6xx_HAL_Driver/Inc/stm32n6xx_ll_bus.h:879:22:LL_AHB1_GRP1_EnableClock	24	static
../../Drivers/STM32N6xx_HAL_Driver/Inc/stm32n6xx_ll_bus.h:911:22:LL_AHB1_GRP1_DisableClock	16	static
../../Drivers/STM32N6xx_HAL_Driver/Inc/stm32n6xx_ll_bus.h:1009:22:LL_AHB2_GRP1_EnableClock	24	static
../../Drivers/STM32N6xx_HAL_Driver/Inc/stm32n6xx_ll_bus.h:1045:22:LL_AHB2_GRP1_DisableClock	16	static
../../Drivers/STM32N6xx_HAL_Driver/Inc/stm32n6xx_ll_bus.h:1407:22:LL_AHB4_GRP1_EnableClock	24	static
../../Drivers/STM32N6xx_HAL_Driver/Inc/stm32n6xx_ll_bus.h:1755:22:LL_AHB5_GRP1_EnableClock	24	static
../../Drivers/STM32N6xx_HAL_Driver/Inc/stm32n6xx_ll_bus.h:1891:22:LL_AHB5_GRP1_DisableClock	16	static
../../Drivers/STM32N6xx_HAL_Driver/Inc/stm32n6xx_ll_bus.h:2273:22:LL_APB1_GRP1_EnableClock	24	static
../../Drivers/STM32N6xx_HAL_Driver/Inc/stm32n6xx_ll_bus.h:2403:22:LL_APB1_GRP1_DisableClock	16	static
../../Drivers/STM32N6xx_HAL_Driver/Inc/stm32n6xx_ll_bus.h:2909:22:LL_APB2_GRP1_EnableClock	24	static
../../Drivers/STM32N6xx_HAL_Driver/Inc/stm32n6xx_ll_bus.h:2997:22:LL_APB2_GRP1_DisableClock	16	static
../Core/Src/stm32n6xx_hal_msp.c:62:6:HAL_MspInit	8	static
../Core/Src/stm32n6xx_hal_msp.c:92:6:HAL_ADC_MspInit	440	static
../Core/Src/stm32n6xx_hal_msp.c:138:6:HAL_ADC_MspDeInit	16	static
../Core/Src/stm32n6xx_hal_msp.c:166:6:HAL_I2C_MspInit	440	static
../Core/Src/stm32n6xx_hal_msp.c:253:6:HAL_I2C_MspDeInit	16	static
../Core/Src/stm32n6xx_hal_msp.c:304:6:HAL_MDF_MspInit	440	static
../Core/Src/stm32n6xx_hal_msp.c:353:6:HAL_MDF_MspDeInit	16	static
../Core/Src/stm32n6xx_hal_msp.c:383:6:HAL_SD_MspInit	440	static
../Core/Src/stm32n6xx_hal_msp.c:450:6:HAL_SD_MspDeInit	16	static
../Core/Src/stm32n6xx_hal_msp.c:486:6:HAL_UART_MspInit	440	static
../Core/Src/stm32n6xx_hal_msp.c:534:6:HAL_UART_MspDeInit	16	static
../Core/Src/stm32n6xx_hal_msp.c:563:6:HAL_HCD_MspInit	416	static
../Core/Src/stm32n6xx_hal_msp.c:601:6:HAL_HCD_MspDeInit	16	static
../Core/Src/stm32n6xx_hal_msp.c:629:6:HAL_XSPI_MspInit	440	static
../Core/Src/stm32n6xx_hal_msp.c:761:6:HAL_XSPI_MspDeInit	16	static
../Core/Src/stm32n6xx_hal_msp.c:848:6:HAL_SAI_MspInit	440	static
../Core/Src/stm32n6xx_hal_msp.c:926:6:HAL_SAI_MspDeInit	16	static
